Archive member included because of file (symbol)

c:/program files (x86)/gnu tools arm embedded/4.8 2014q3/bin/../lib/gcc/arm-none-eabi/4.8.4/../../../../arm-none-eabi/lib/armv7e-m\libg_s.a(lib_a-errno.o)
                              ./system/src/newlib/_sbrk.o (__errno)
c:/program files (x86)/gnu tools arm embedded/4.8 2014q3/bin/../lib/gcc/arm-none-eabi/4.8.4/../../../../arm-none-eabi/lib/armv7e-m\libg_s.a(lib_a-impure.o)
                              c:/program files (x86)/gnu tools arm embedded/4.8 2014q3/bin/../lib/gcc/arm-none-eabi/4.8.4/../../../../arm-none-eabi/lib/armv7e-m\libg_s.a(lib_a-errno.o) (_impure_ptr)
c:/program files (x86)/gnu tools arm embedded/4.8 2014q3/bin/../lib/gcc/arm-none-eabi/4.8.4/../../../../arm-none-eabi/lib/armv7e-m\libg_s.a(lib_a-strlen.o)
                              ./system/src/diag/Trace.o (strlen)
c:/program files (x86)/gnu tools arm embedded/4.8 2014q3/bin/../lib/gcc/arm-none-eabi/4.8.4/../../../../arm-none-eabi/lib/armv7e-m\libg_s.a(lib_a-vsnprintf.o)
                              ./system/src/diag/Trace.o (vsnprintf)
c:/program files (x86)/gnu tools arm embedded/4.8 2014q3/bin/../lib/gcc/arm-none-eabi/4.8.4/../../../../arm-none-eabi/lib/armv7e-m\libg_s.a(lib_a-svfprintf.o)
                              c:/program files (x86)/gnu tools arm embedded/4.8 2014q3/bin/../lib/gcc/arm-none-eabi/4.8.4/../../../../arm-none-eabi/lib/armv7e-m\libg_s.a(lib_a-vsnprintf.o) (_svfprintf_r)
c:/program files (x86)/gnu tools arm embedded/4.8 2014q3/bin/../lib/gcc/arm-none-eabi/4.8.4/../../../../arm-none-eabi/lib/armv7e-m\libg_s.a(lib_a-vfprintf_i.o)
                              c:/program files (x86)/gnu tools arm embedded/4.8 2014q3/bin/../lib/gcc/arm-none-eabi/4.8.4/../../../../arm-none-eabi/lib/armv7e-m\libg_s.a(lib_a-svfprintf.o) (_printf_i)
c:/program files (x86)/gnu tools arm embedded/4.8 2014q3/bin/../lib/gcc/arm-none-eabi/4.8.4/../../../../arm-none-eabi/lib/armv7e-m\libg_s.a(lib_a-memchr-stub.o)
                              c:/program files (x86)/gnu tools arm embedded/4.8 2014q3/bin/../lib/gcc/arm-none-eabi/4.8.4/../../../../arm-none-eabi/lib/armv7e-m\libg_s.a(lib_a-svfprintf.o) (memchr)
c:/program files (x86)/gnu tools arm embedded/4.8 2014q3/bin/../lib/gcc/arm-none-eabi/4.8.4/../../../../arm-none-eabi/lib/armv7e-m\libg_s.a(lib_a-memcpy-stub.o)
                              c:/program files (x86)/gnu tools arm embedded/4.8 2014q3/bin/../lib/gcc/arm-none-eabi/4.8.4/../../../../arm-none-eabi/lib/armv7e-m\libg_s.a(lib_a-svfprintf.o) (memcpy)
c:/program files (x86)/gnu tools arm embedded/4.8 2014q3/bin/../lib/gcc/arm-none-eabi/4.8.4/../../../../arm-none-eabi/lib/armv7e-m\libg_s.a(lib_a-memmove.o)
                              c:/program files (x86)/gnu tools arm embedded/4.8 2014q3/bin/../lib/gcc/arm-none-eabi/4.8.4/../../../../arm-none-eabi/lib/armv7e-m\libg_s.a(lib_a-svfprintf.o) (memmove)
c:/program files (x86)/gnu tools arm embedded/4.8 2014q3/bin/../lib/gcc/arm-none-eabi/4.8.4/../../../../arm-none-eabi/lib/armv7e-m\libg_s.a(lib_a-nano-freer.o)
                              c:/program files (x86)/gnu tools arm embedded/4.8 2014q3/bin/../lib/gcc/arm-none-eabi/4.8.4/../../../../arm-none-eabi/lib/armv7e-m\libg_s.a(lib_a-svfprintf.o) (_free_r)
c:/program files (x86)/gnu tools arm embedded/4.8 2014q3/bin/../lib/gcc/arm-none-eabi/4.8.4/../../../../arm-none-eabi/lib/armv7e-m\libg_s.a(lib_a-nano-mallocr.o)
                              c:/program files (x86)/gnu tools arm embedded/4.8 2014q3/bin/../lib/gcc/arm-none-eabi/4.8.4/../../../../arm-none-eabi/lib/armv7e-m\libg_s.a(lib_a-svfprintf.o) (_malloc_r)
c:/program files (x86)/gnu tools arm embedded/4.8 2014q3/bin/../lib/gcc/arm-none-eabi/4.8.4/../../../../arm-none-eabi/lib/armv7e-m\libg_s.a(lib_a-nano-reallocr.o)
                              c:/program files (x86)/gnu tools arm embedded/4.8 2014q3/bin/../lib/gcc/arm-none-eabi/4.8.4/../../../../arm-none-eabi/lib/armv7e-m\libg_s.a(lib_a-svfprintf.o) (_realloc_r)
c:/program files (x86)/gnu tools arm embedded/4.8 2014q3/bin/../lib/gcc/arm-none-eabi/4.8.4/../../../../arm-none-eabi/lib/armv7e-m\libg_s.a(lib_a-sbrkr.o)
                              c:/program files (x86)/gnu tools arm embedded/4.8 2014q3/bin/../lib/gcc/arm-none-eabi/4.8.4/../../../../arm-none-eabi/lib/armv7e-m\libg_s.a(lib_a-nano-mallocr.o) (_sbrk_r)
c:/program files (x86)/gnu tools arm embedded/4.8 2014q3/bin/../lib/gcc/arm-none-eabi/4.8.4/../../../../arm-none-eabi/lib/armv7e-m\libg_s.a(lib_a-nano-msizer.o)
                              c:/program files (x86)/gnu tools arm embedded/4.8 2014q3/bin/../lib/gcc/arm-none-eabi/4.8.4/../../../../arm-none-eabi/lib/armv7e-m\libg_s.a(lib_a-nano-reallocr.o) (_malloc_usable_size_r)

Allocating common symbols
Common symbol       size              file

errno               0x4               ./system/src/newlib/_syscalls.o
pFlash              0x1c              ./system/src/stm32f4-hal/stm32f4xx_hal_flash.o

Discarded input sections

[...]
Memory Configuration

Name             Origin             Length             Attributes
RAM              0x20000000         0x00030000         xrw
CCMRAM           0x10000000         0x00010000         xrw
FLASH            0x08000000         0x00100000         xr
FLASHB1          0x00000000         0x00000000         xr
EXTMEMB0         0x00000000         0x00000000         xr
EXTMEMB1         0x00000000         0x00000000         xr
EXTMEMB2         0x00000000         0x00000000         xr
EXTMEMB3         0x00000000         0x00000000         xr
MEMORY_ARRAY     0x20002000         0x00000020         xrw
*default*        0x00000000         0xffffffff

Linker script and memory map

LOAD ./system/src/stm32f4-hal/stm32f4xx_hal.o
LOAD ./system/src/stm32f4-hal/stm32f4xx_hal_cortex.o
LOAD ./system/src/stm32f4-hal/stm32f4xx_hal_flash.o
LOAD ./system/src/stm32f4-hal/stm32f4xx_hal_flash_ex.o
LOAD ./system/src/stm32f4-hal/stm32f4xx_hal_flash_ramfunc.o
LOAD ./system/src/stm32f4-hal/stm32f4xx_hal_gpio.o
LOAD ./system/src/stm32f4-hal/stm32f4xx_hal_iwdg.o
LOAD ./system/src/stm32f4-hal/stm32f4xx_hal_pcd_ex.o
LOAD ./system/src/stm32f4-hal/stm32f4xx_hal_pwr.o
LOAD ./system/src/stm32f4-hal/stm32f4xx_hal_pwr_ex.o
LOAD ./system/src/stm32f4-hal/stm32f4xx_hal_rcc.o
LOAD ./system/src/stm32f4-hal/stm32f4xx_hal_rcc_ex.o
LOAD ./system/src/newlib/_cxx.o
LOAD ./system/src/newlib/_exit.o
LOAD ./system/src/newlib/_sbrk.o
LOAD ./system/src/newlib/_startup.o
LOAD ./system/src/newlib/_syscalls.o
LOAD ./system/src/newlib/_write.o
LOAD ./system/src/newlib/assert.o
LOAD ./system/src/diag/Trace.o
LOAD ./system/src/diag/trace_impl.o
LOAD ./system/src/cortexm/_initialize_hardware.o
LOAD ./system/src/cortexm/_reset_hardware.o
LOAD ./system/src/cortexm/exception_handlers.o
LOAD ./system/src/cmsis/system_stm32f4xx.o
LOAD ./system/src/cmsis/vectors_stm32f4xx.o
LOAD ./src/_initialize_hardware.o
LOAD ./src/main.o
LOAD c:/program files (x86)/gnu tools arm embedded/4.8 2014q3/bin/../lib/gcc/arm-none-eabi/4.8.4/../../../../arm-none-eabi/lib/armv7e-m\libstdc++_s.a
LOAD c:/program files (x86)/gnu tools arm embedded/4.8 2014q3/bin/../lib/gcc/arm-none-eabi/4.8.4/../../../../arm-none-eabi/lib/armv7e-m\libm.a
START GROUP
LOAD c:/program files (x86)/gnu tools arm embedded/4.8 2014q3/bin/../lib/gcc/arm-none-eabi/4.8.4/armv7e-m\libgcc.a
LOAD c:/program files (x86)/gnu tools arm embedded/4.8 2014q3/bin/../lib/gcc/arm-none-eabi/4.8.4/../../../../arm-none-eabi/lib/armv7e-m\libg_s.a
LOAD c:/program files (x86)/gnu tools arm embedded/4.8 2014q3/bin/../lib/gcc/arm-none-eabi/4.8.4/../../../../arm-none-eabi/lib/armv7e-m\libc_s.a
END GROUP
START GROUP
LOAD c:/program files (x86)/gnu tools arm embedded/4.8 2014q3/bin/../lib/gcc/arm-none-eabi/4.8.4/armv7e-m\libgcc.a
LOAD c:/program files (x86)/gnu tools arm embedded/4.8 2014q3/bin/../lib/gcc/arm-none-eabi/4.8.4/../../../../arm-none-eabi/lib/armv7e-m\libc_s.a
END GROUP
                0x20030000                __stack = (ORIGIN (RAM) + 0x30000)
                0x20030000                _estack = __stack
                0x00000400                __Main_Stack_Size = 0x400
                0x00000400                PROVIDE (_Main_Stack_Size, __Main_Stack_Size)
                0x2002fc00                __Main_Stack_Limit = (__stack - __Main_Stack_Size)
                0x2002fc00                PROVIDE (_Main_Stack_Limit, __Main_Stack_Limit)
                0x00000100                _Minimum_Stack_Size = 0x100
                0x20000120                PROVIDE (_Heap_Begin, _end_noinit)
                0x2002fc00                PROVIDE (_Heap_Limit, (__stack - __Main_Stack_Size))

.isr_vector     0x08000000      0x378
                0x08000000                . = ALIGN (0x4)
 *(.isr_vector)
 .isr_vector    0x08000000      0x1ac ./system/src/cmsis/vectors_stm32f4xx.o
                0x08000000                __isr_vectors
 *(.cfmconfig)
 *(.after_vectors .after_vectors.*)
 .after_vectors
                0x080001ac      0x174 ./system/src/newlib/_startup.o
                0x080001ac                _start
 .after_vectors
                0x08000320       0x50 ./system/src/cortexm/exception_handlers.o
                0x08000320                Reset_Handler
                0x08000328                NMI_Handler
                0x08000330                HardFault_Handler
                0x08000338                MemManage_Handler
                0x08000340                BusFault_Handler
                0x08000348                UsageFault_Handler
                0x08000350                SVC_Handler
                0x08000358                DebugMon_Handler
                0x08000360                PendSV_Handler
 .after_vectors
                0x08000370        0x8 ./system/src/cmsis/vectors_stm32f4xx.o
                0x08000370                RTC_Alarm_IRQHandler
                0x08000370                HASH_RNG_IRQHandler
                0x08000370                EXTI2_IRQHandler
                0x08000370                TIM8_CC_IRQHandler
                0x08000370                UART8_IRQHandler
                0x08000370                SPI4_IRQHandler
                0x08000370                TIM1_CC_IRQHandler
                0x08000370                DMA2_Stream5_IRQHandler
                0x08000370                DMA1_Stream5_IRQHandler
                0x08000370                PVD_IRQHandler
                0x08000370                SDIO_IRQHandler
                0x08000370                TAMP_STAMP_IRQHandler
                0x08000370                CAN2_RX1_IRQHandler
                0x08000370                EXTI3_IRQHandler
                0x08000370                TIM8_TRG_COM_TIM14_IRQHandler
                0x08000370                TIM1_UP_TIM10_IRQHandler
                0x08000370                TIM8_UP_TIM13_IRQHandler
                0x08000370                I2C3_ER_IRQHandler
                0x08000370                EXTI0_IRQHandler
                0x08000370                I2C2_EV_IRQHandler
                0x08000370                DMA1_Stream2_IRQHandler
                0x08000370                CAN1_RX0_IRQHandler
                0x08000370                FPU_IRQHandler
                0x08000370                OTG_HS_WKUP_IRQHandler
                0x08000370                LTDC_ER_IRQHandler
                0x08000370                CAN2_SCE_IRQHandler
                0x08000370                DMA2_Stream2_IRQHandler
                0x08000370                SPI1_IRQHandler
                0x08000370                TIM6_DAC_IRQHandler
                0x08000370                TIM1_BRK_TIM9_IRQHandler
                0x08000370                DCMI_IRQHandler
                0x08000370                CAN2_RX0_IRQHandler
                0x08000370                DMA2_Stream3_IRQHandler
                0x08000370                USART6_IRQHandler
                0x08000370                USART3_IRQHandler
                0x08000370                CRYP_IRQHandler
                0x08000370                CAN1_RX1_IRQHandler
                0x08000370                UART5_IRQHandler
                0x08000370                DMA2_Stream0_IRQHandler
                0x08000370                TIM4_IRQHandler
                0x08000370                I2C1_EV_IRQHandler
                0x08000370                DMA1_Stream6_IRQHandler
                0x08000370                DMA1_Stream1_IRQHandler
                0x08000370                UART4_IRQHandler
                0x08000370                TIM3_IRQHandler
                0x08000370                RCC_IRQHandler
                0x08000370                TIM8_BRK_TIM12_IRQHandler
                0x08000370                Default_Handler
                0x08000370                EXTI15_10_IRQHandler
                0x08000370                ADC_IRQHandler
                0x08000370                DMA1_Stream7_IRQHandler
                0x08000370                SPI5_IRQHandler
                0x08000370                TIM7_IRQHandler
                0x08000370                CAN2_TX_IRQHandler
                0x08000370                TIM5_IRQHandler
                0x08000370                DMA2_Stream7_IRQHandler
                0x08000370                I2C3_EV_IRQHandler
                0x08000370                EXTI9_5_IRQHandler
                0x08000370                RTC_WKUP_IRQHandler
                0x08000370                LTDC_IRQHandler
                0x08000370                ETH_WKUP_IRQHandler
                0x08000370                SPI2_IRQHandler
                0x08000370                OTG_HS_EP1_IN_IRQHandler
                0x08000370                DMA1_Stream0_IRQHandler
                0x08000370                CAN1_TX_IRQHandler
                0x08000370                EXTI4_IRQHandler
                0x08000370                FSMC_IRQHandler
                0x08000370                ETH_IRQHandler
                0x08000370                OTG_HS_EP1_OUT_IRQHandler
                0x08000370                WWDG_IRQHandler
                0x08000370                SPI6_IRQHandler
                0x08000370                TIM2_IRQHandler
                0x08000370                OTG_FS_WKUP_IRQHandler
                0x08000370                TIM1_TRG_COM_TIM11_IRQHandler
                0x08000370                OTG_HS_IRQHandler
                0x08000370                DMA2D_IRQHandler
                0x08000370                EXTI1_IRQHandler
                0x08000370                UART7_IRQHandler
                0x08000370                USART2_IRQHandler
                0x08000370                I2C2_ER_IRQHandler
                0x08000370                DMA2_Stream1_IRQHandler
                0x08000370                CAN1_SCE_IRQHandler
                0x08000370                FLASH_IRQHandler
                0x08000370                DMA2_Stream4_IRQHandler
                0x08000370                USART1_IRQHandler
                0x08000370                OTG_FS_IRQHandler
                0x08000370                SPI3_IRQHandler
                0x08000370                DMA1_Stream4_IRQHandler
                0x08000370                I2C1_ER_IRQHandler
                0x08000370                FMC_IRQHandler
                0x08000370                DMA2_Stream6_IRQHandler
                0x08000370                SAI1_IRQHandler
                0x08000370                DMA1_Stream3_IRQHandler
                0x08000378                . = ALIGN (0x4)

.inits          0x08000378        0x0
                0x08000378                . = ALIGN (0x4)
 *(.init)
 *(.fini)
                0x08000378                . = ALIGN (0x4)
                0x08000378                PROVIDE (__preinit_array_start, .)
 *(.preinit_array_sysinit .preinit_array_sysinit.*)
 *(.preinit_array_platform .preinit_array_platform.*)
 *(.preinit_array .preinit_array.*)
                0x08000378                PROVIDE (__preinit_array_end, .)
                0x08000378                . = ALIGN (0x4)
                0x08000378                PROVIDE (__init_array_start, .)
 *(SORT(.init_array.*))
 *(.init_array)
                0x08000378                PROVIDE (__init_array_end, .)
                0x08000378                . = ALIGN (0x4)
                0x08000378                PROVIDE (__fini_array_start, .)
 *(SORT(.fini_array.*))
 *(.fini_array)
                0x08000378                PROVIDE (__fini_array_end, .)
                0x08000378                . = ALIGN (0x4)

.flashtext      0x08000378        0x0
                0x08000378                . = ALIGN (0x4)
 *(.flashtext .flashtext.*)
                0x08000378                . = ALIGN (0x4)

.text           0x08000378     0x1c5d
                0x08000378                . = ALIGN (0x4)
 *(.text .text.*)
 .text.HAL_Init
                0x08000378       0x3c ./system/src/stm32f4-hal/stm32f4xx_hal.o
                0x08000378                HAL_Init
 .text.HAL_MspInit
                0x080003b4        0xc ./system/src/stm32f4-hal/stm32f4xx_hal.o
                0x080003b4                HAL_MspInit
 .text.HAL_InitTick
                0x080003c0       0x38 ./system/src/stm32f4-hal/stm32f4xx_hal.o
                0x080003c0                HAL_InitTick
 .text.HAL_GetTick
                0x080003f8       0x18 ./system/src/stm32f4-hal/stm32f4xx_hal.o
                0x080003f8                HAL_GetTick
 .text.NVIC_SetPriorityGrouping
                0x08000410       0x48 ./system/src/stm32f4-hal/stm32f4xx_hal_cortex.o
 .text.NVIC_GetPriorityGrouping
                0x08000458       0x1c ./system/src/stm32f4-hal/stm32f4xx_hal_cortex.o
 .text.NVIC_SetPriority
                0x08000474       0x54 ./system/src/stm32f4-hal/stm32f4xx_hal_cortex.o
 .text.NVIC_EncodePriority
                0x080004c8       0x68 ./system/src/stm32f4-hal/stm32f4xx_hal_cortex.o
 .text.SysTick_Config
                0x08000530       0x44 ./system/src/stm32f4-hal/stm32f4xx_hal_cortex.o
 .text.HAL_NVIC_SetPriorityGrouping
                0x08000574       0x40 ./system/src/stm32f4-hal/stm32f4xx_hal_cortex.o
                0x08000574                HAL_NVIC_SetPriorityGrouping
 .text.HAL_NVIC_SetPriority
                0x080005b4       0x58 ./system/src/stm32f4-hal/stm32f4xx_hal_cortex.o
                0x080005b4                HAL_NVIC_SetPriority
 .text.HAL_SYSTICK_Config
                0x0800060c       0x18 ./system/src/stm32f4-hal/stm32f4xx_hal_cortex.o
                0x0800060c                HAL_SYSTICK_Config
 .text.HAL_RCC_OscConfig
                0x08000624      0x614 ./system/src/stm32f4-hal/stm32f4xx_hal_rcc.o
                0x08000624                HAL_RCC_OscConfig
 .text.HAL_RCC_ClockConfig
                0x08000c38      0x4a4 ./system/src/stm32f4-hal/stm32f4xx_hal_rcc.o
                0x08000c38                HAL_RCC_ClockConfig
 .text.HAL_RCC_GetSysClockFreq
                0x080010dc      0x13c ./system/src/stm32f4-hal/stm32f4xx_hal_rcc.o
                0x080010dc                HAL_RCC_GetSysClockFreq
 .text.HAL_RCC_GetHCLKFreq
                0x08001218       0x58 ./system/src/stm32f4-hal/stm32f4xx_hal_rcc.o
                0x08001218                HAL_RCC_GetHCLKFreq
 .text._exit    0x08001270        0xc ./system/src/newlib/_exit.o
                0x08001270                _exit
 .text.abort    0x0800127c       0x14 ./system/src/newlib/_exit.o
                0x0800127c                abort
 .text._sbrk    0x08001290       0x68 ./system/src/newlib/_sbrk.o
                0x08001290                _sbrk
 .text.__initialize_args
                0x080012f8       0x28 ./system/src/newlib/_syscalls.o
                0x080012f8                __initialize_args
 .text.assert_failed
                0x08001320       0x1c ./system/src/newlib/assert.o
                0x08001320                assert_failed
 .text.trace_printf
                0x0800133c       0x44 ./system/src/diag/Trace.o
                0x0800133c                trace_printf
 .text.trace_puts
                0x08001380       0x30 ./system/src/diag/Trace.o
                0x08001380                trace_puts
 .text.trace_write
                0x080013b0       0x1c ./system/src/diag/trace_impl.o
                0x080013b0                trace_write
 .text._trace_write_semihosting_stdout
                0x080013cc       0xc0 ./system/src/diag/trace_impl.o
 .text.SystemInit
                0x0800148c       0x5c ./system/src/cmsis/system_stm32f4xx.o
                0x0800148c                SystemInit
 .text.__initialize_hardware
                0x080014e8       0x14 ./src/_initialize_hardware.o
                0x080014e8                __initialize_hardware
 .text.configure_system_clock
                0x080014fc       0x7c ./src/_initialize_hardware.o
                0x080014fc                configure_system_clock
 .text.NVIC_ClearPendingIRQ
                0x08001578       0x34 ./src/main.o
 .text.SysTick_Handler
                0x080015ac       0x1c ./src/main.o
                0x080015ac                SysTick_Handler
 .text.delayLoop
                0x080015c8       0x20 ./src/main.o
                0x080015c8                delayLoop
 .text.main     0x080015e8       0x44 ./src/main.o
                0x080015e8                main
 .text.__errno  0x0800162c        0xc c:/program files (x86)/gnu tools arm embedded/4.8 2014q3/bin/../lib/gcc/arm-none-eabi/4.8.4/../../../../arm-none-eabi/lib/armv7e-m\libg_s.a(lib_a-errno.o)
                0x0800162c                __errno
 .text.strlen   0x08001638       0x10 c:/program files (x86)/gnu tools arm embedded/4.8 2014q3/bin/../lib/gcc/arm-none-eabi/4.8.4/../../../../arm-none-eabi/lib/armv7e-m\libg_s.a(lib_a-strlen.o)
                0x08001638                strlen
 .text._vsnprintf_r
                0x08001648       0x52 c:/program files (x86)/gnu tools arm embedded/4.8 2014q3/bin/../lib/gcc/arm-none-eabi/4.8.4/../../../../arm-none-eabi/lib/armv7e-m\libg_s.a(lib_a-vsnprintf.o)
                0x08001648                _vsniprintf_r
                0x08001648                _vsnprintf_r
 *fill*         0x0800169a        0x2 
 .text.vsnprintf
                0x0800169c       0x20 c:/program files (x86)/gnu tools arm embedded/4.8 2014q3/bin/../lib/gcc/arm-none-eabi/4.8.4/../../../../arm-none-eabi/lib/armv7e-m\libg_s.a(lib_a-vsnprintf.o)
                0x0800169c                vsniprintf
                0x0800169c                vsnprintf
 .text.__ssputs_r
                0x080016bc       0xb8 c:/program files (x86)/gnu tools arm embedded/4.8 2014q3/bin/../lib/gcc/arm-none-eabi/4.8.4/../../../../arm-none-eabi/lib/armv7e-m\libg_s.a(lib_a-svfprintf.o)
                0x080016bc                __ssputs_r
 .text._svfprintf_r
                0x08001774      0x1dc c:/program files (x86)/gnu tools arm embedded/4.8 2014q3/bin/../lib/gcc/arm-none-eabi/4.8.4/../../../../arm-none-eabi/lib/armv7e-m\libg_s.a(lib_a-svfprintf.o)
                0x08001774                _svfiprintf_r
                0x08001774                _svfprintf_r
 .text._printf_common
                0x08001950       0xe4 c:/program files (x86)/gnu tools arm embedded/4.8 2014q3/bin/../lib/gcc/arm-none-eabi/4.8.4/../../../../arm-none-eabi/lib/armv7e-m\libg_s.a(lib_a-vfprintf_i.o)
                0x08001950                _printf_common
 .text._printf_i
                0x08001a34      0x228 c:/program files (x86)/gnu tools arm embedded/4.8 2014q3/bin/../lib/gcc/arm-none-eabi/4.8.4/../../../../arm-none-eabi/lib/armv7e-m\libg_s.a(lib_a-vfprintf_i.o)
                0x08001a34                _printf_i
 .text.memchr   0x08001c5c       0x1e c:/program files (x86)/gnu tools arm embedded/4.8 2014q3/bin/../lib/gcc/arm-none-eabi/4.8.4/../../../../arm-none-eabi/lib/armv7e-m\libg_s.a(lib_a-memchr-stub.o)
                0x08001c5c                memchr
 .text.memcpy   0x08001c7a       0x12 c:/program files (x86)/gnu tools arm embedded/4.8 2014q3/bin/../lib/gcc/arm-none-eabi/4.8.4/../../../../arm-none-eabi/lib/armv7e-m\libg_s.a(lib_a-memcpy-stub.o)
                0x08001c7a                memcpy
 .text.memmove  0x08001c8c       0x36 c:/program files (x86)/gnu tools arm embedded/4.8 2014q3/bin/../lib/gcc/arm-none-eabi/4.8.4/../../../../arm-none-eabi/lib/armv7e-m\libg_s.a(lib_a-memmove.o)
                0x08001c8c                memmove
 *fill*         0x08001cc2        0x2 
 .text._free_r  0x08001cc4       0x88 c:/program files (x86)/gnu tools arm embedded/4.8 2014q3/bin/../lib/gcc/arm-none-eabi/4.8.4/../../../../arm-none-eabi/lib/armv7e-m\libg_s.a(lib_a-nano-freer.o)
                0x08001cc4                _free_r
 .text._malloc_r
                0x08001d4c       0xa8 c:/program files (x86)/gnu tools arm embedded/4.8 2014q3/bin/../lib/gcc/arm-none-eabi/4.8.4/../../../../arm-none-eabi/lib/armv7e-m\libg_s.a(lib_a-nano-mallocr.o)
                0x08001d4c                _malloc_r
 .text._realloc_r
                0x08001df4       0x4c c:/program files (x86)/gnu tools arm embedded/4.8 2014q3/bin/../lib/gcc/arm-none-eabi/4.8.4/../../../../arm-none-eabi/lib/armv7e-m\libg_s.a(lib_a-nano-reallocr.o)
                0x08001df4                _realloc_r
 .text._sbrk_r  0x08001e40       0x20 c:/program files (x86)/gnu tools arm embedded/4.8 2014q3/bin/../lib/gcc/arm-none-eabi/4.8.4/../../../../arm-none-eabi/lib/armv7e-m\libg_s.a(lib_a-sbrkr.o)
                0x08001e40                _sbrk_r
 .text._malloc_usable_size_r
                0x08001e60       0x12 c:/program files (x86)/gnu tools arm embedded/4.8 2014q3/bin/../lib/gcc/arm-none-eabi/4.8.4/../../../../arm-none-eabi/lib/armv7e-m\libg_s.a(lib_a-nano-msizer.o)
                0x08001e60                _malloc_usable_size_r
 *(.rodata .rodata.*)
 *fill*         0x08001e72        0x2 
 .rodata        0x08001e74       0x34 ./system/src/stm32f4-hal/stm32f4xx_hal_cortex.o
 .rodata.APBAHBPrescTable
                0x08001ea8       0x10 ./system/src/stm32f4-hal/stm32f4xx_hal_rcc.o
                0x08001ea8                APBAHBPrescTable
 .rodata        0x08001eb8       0x30 ./system/src/stm32f4-hal/stm32f4xx_hal_rcc.o
 .rodata        0x08001ee8       0x14 ./system/src/newlib/_exit.o
 .rodata        0x08001efc       0x70 ./system/src/newlib/assert.o
 .rodata        0x08001f6c       0x30 ./system/src/diag/Trace.o
 .rodata        0x08001f9c        0x4 ./system/src/diag/trace_impl.o
 .rodata.str1.1
                0x08001fa0        0x2 c:/program files (x86)/gnu tools arm embedded/4.8 2014q3/bin/../lib/gcc/arm-none-eabi/4.8.4/../../../../arm-none-eabi/lib/armv7e-m\libg_s.a(lib_a-impure.o)
 .rodata.str1.1
                0x08001fa2       0x11 c:/program files (x86)/gnu tools arm embedded/4.8 2014q3/bin/../lib/gcc/arm-none-eabi/4.8.4/../../../../arm-none-eabi/lib/armv7e-m\libg_s.a(lib_a-svfprintf.o)
 .rodata.str1.1
                0x08001fb3       0x22 c:/program files (x86)/gnu tools arm embedded/4.8 2014q3/bin/../lib/gcc/arm-none-eabi/4.8.4/../../../../arm-none-eabi/lib/armv7e-m\libg_s.a(lib_a-vfprintf_i.o)
 *(vtable)
 *(.eh_frame*)
 *(.glue_7)
 .glue_7        0x00000000        0x0 linker stubs
 *(.glue_7t)
 .glue_7t       0x00000000        0x0 linker stubs

.vfp11_veneer   0x08001fd8        0x0
 .vfp11_veneer  0x00000000        0x0 linker stubs

.v4_bx          0x08001fd8        0x0
 .v4_bx         0x00000000        0x0 linker stubs

.iplt           0x08001fd8        0x0
 .iplt          0x00000000        0x0 ./system/src/stm32f4-hal/stm32f4xx_hal.o

.rel.dyn        0x08001fd8        0x0
 .rel.iplt      0x00000000        0x0 ./system/src/stm32f4-hal/stm32f4xx_hal.o

.ARM.extab
 *(.ARM.extab* .gnu.linkonce.armextab.*)
                0x08001fd8                __exidx_start = .

.ARM.exidx
 *(.ARM.exidx* .gnu.linkonce.armexidx.*)
                0x08001fd8                __exidx_end = .
                0x08001fd8                . = ALIGN (0x4)
                0x08001fd8                _etext = .
                0x08001fd8                __etext = .
                0x08001fd8                _sidata = _etext

.data           0x20000000       0x78 load address 0x08001fd8
                0x20000000                . = ALIGN (0x4)
                0x20000000                _sdata = .
                0x20000000                __data_start__ = .
 *(.data_begin .data_begin.*)
 .data_begin    0x20000000        0x4 ./system/src/newlib/_startup.o
 *(.data .data.*)
 .data.argv.4014
                0x20000004        0x8 ./system/src/newlib/_syscalls.o
 .data.SystemCoreClock
                0x2000000c        0x4 ./system/src/cmsis/system_stm32f4xx.o
                0x2000000c                SystemCoreClock
 .data.impure_data
                0x20000010       0x60 c:/program files (x86)/gnu tools arm embedded/4.8 2014q3/bin/../lib/gcc/arm-none-eabi/4.8.4/../../../../arm-none-eabi/lib/armv7e-m\libg_s.a(lib_a-impure.o)
 .data._impure_ptr
                0x20000070        0x4 c:/program files (x86)/gnu tools arm embedded/4.8 2014q3/bin/../lib/gcc/arm-none-eabi/4.8.4/../../../../arm-none-eabi/lib/armv7e-m\libg_s.a(lib_a-impure.o)
                0x20000070                _impure_ptr
 *(.data_end .data_end.*)
 .data_end      0x20000074        0x4 ./system/src/newlib/_startup.o
                0x20000078                . = ALIGN (0x4)
                0x20000078                _edata = .
                0x20000078                __data_end__ = .

.igot.plt       0x20000078        0x0 load address 0x08002050
 .igot.plt      0x00000000        0x0 ./system/src/stm32f4-hal/stm32f4xx_hal.o

.bss            0x20000078       0xa8 load address 0x08002050
                0x20000078                . = ALIGN (0x4)
                0x20000078                __bss_start__ = .
                0x20000078                _sbss = .
 *(.bss_begin .bss_begin.*)
 .bss_begin     0x20000078        0x4 ./system/src/newlib/_startup.o
 *(.bss .bss.*)
 .bss.uwTick    0x2000007c        0x4 ./system/src/stm32f4-hal/stm32f4xx_hal.o
 .bss.current_heap_end.3842
                0x20000080        0x4 ./system/src/newlib/_sbrk.o
 .bss.name.4013
                0x20000084        0x4 ./system/src/newlib/_syscalls.o
 .bss.buf.4905  0x20000088       0x80 ./system/src/diag/Trace.o
 .bss.handle.9688
                0x20000108        0x4 ./system/src/diag/trace_impl.o
 .bss.uiSysTicks
                0x2000010c        0x4 ./src/main.o
                0x2000010c                uiSysTicks
 .bss.__malloc_sbrk_start
                0x20000110        0x4 c:/program files (x86)/gnu tools arm embedded/4.8 2014q3/bin/../lib/gcc/arm-none-eabi/4.8.4/../../../../arm-none-eabi/lib/armv7e-m\libg_s.a(lib_a-nano-mallocr.o)
                0x20000110                __malloc_sbrk_start
 .bss.__malloc_free_list
                0x20000114        0x4 c:/program files (x86)/gnu tools arm embedded/4.8 2014q3/bin/../lib/gcc/arm-none-eabi/4.8.4/../../../../arm-none-eabi/lib/armv7e-m\libg_s.a(lib_a-nano-mallocr.o)
                0x20000114                __malloc_free_list
 *(COMMON)
 COMMON         0x20000118        0x4 ./system/src/newlib/_syscalls.o
                0x20000118                errno
 *(.bss_end .bss_end.*)
 .bss_end       0x2000011c        0x4 ./system/src/newlib/_startup.o
                0x20000120                . = ALIGN (0x4)
                0x20000120                __bss_end__ = .
                0x20000120                _ebss = .

.noinit         0x20000120        0x0
                0x20000120                . = ALIGN (0x4)
                0x20000120                _noinit = .
 *(.noinit .noinit.*)
                0x20000120                . = ALIGN (0x4)
                0x20000120                _end_noinit = .
                0x20000120                PROVIDE (end, _end_noinit)
                0x20000120                PROVIDE (_end, _end_noinit)
                0x20000120                PROVIDE (__end, _end_noinit)
                0x20000120                PROVIDE (__end__, _end_noinit)

._check_stack   0x20000120      0x100 load address 0x080020f8
                0x20000120                . = ALIGN (0x4)
                0x20000220                . = (. + _Minimum_Stack_Size)
 *fill*         0x20000120      0x100 
                0x20000220                . = ALIGN (0x4)

.bss_CCMRAM
 *(.bss.CCMRAM .bss.CCMRAM.*)

.b1text
 *(.b1text)
 *(.b1rodata)
 *(.b1rodata.*)

.eb0text
 *(.eb0text)
 *(.eb0rodata)
 *(.eb0rodata.*)

.eb1text
 *(.eb1text)
 *(.eb1rodata)
 *(.eb1rodata.*)

.eb2text
 *(.eb2text)
 *(.eb2rodata)
 *(.eb2rodata.*)

.eb3text
 *(.eb3text)
 *(.eb3rodata)
 *(.eb3rodata.*)

.stab
 *(.stab)

.stabstr
 *(.stabstr)

.stab.excl
 *(.stab.excl)

.stab.exclstr
 *(.stab.exclstr)

.stab.index
 *(.stab.index)

.stab.indexstr
 *(.stab.indexstr)

.comment        0x00000000       0x70
 *(.comment)
 .comment       0x00000000       0x70 ./system/src/stm32f4-hal/stm32f4xx_hal.o
                                 0x71 (size before relaxing)
 .comment       0x00000000       0x71 ./system/src/stm32f4-hal/stm32f4xx_hal_cortex.o
 .comment       0x00000000       0x71 ./system/src/stm32f4-hal/stm32f4xx_hal_rcc.o
 .comment       0x00000000       0x71 ./system/src/newlib/_exit.o
 .comment       0x00000000       0x71 ./system/src/newlib/_sbrk.o
 .comment       0x00000000       0x71 ./system/src/newlib/_startup.o
 .comment       0x00000000       0x71 ./system/src/newlib/_syscalls.o
 .comment       0x00000000       0x71 ./system/src/newlib/assert.o
 .comment       0x00000000       0x71 ./system/src/diag/Trace.o
 .comment       0x00000000       0x71 ./system/src/diag/trace_impl.o
 .comment       0x00000000       0x71 ./system/src/cortexm/exception_handlers.o
 .comment       0x00000000       0x71 ./system/src/cmsis/system_stm32f4xx.o
 .comment       0x00000000       0x71 ./system/src/cmsis/vectors_stm32f4xx.o
 .comment       0x00000000       0x71 ./src/_initialize_hardware.o
 .comment       0x00000000       0x71 ./src/main.o

.ARM.attributes
                0x00000000       0x33
 .ARM.attributes
                0x00000000       0x33 ./system/src/stm32f4-hal/stm32f4xx_hal.o
 .ARM.attributes
                0x00000033       0x33 ./system/src/stm32f4-hal/stm32f4xx_hal_cortex.o
 .ARM.attributes
                0x00000066       0x33 ./system/src/stm32f4-hal/stm32f4xx_hal_rcc.o
 .ARM.attributes
                0x00000099       0x33 ./system/src/newlib/_exit.o
 .ARM.attributes
                0x000000cc       0x33 ./system/src/newlib/_sbrk.o
 .ARM.attributes
                0x000000ff       0x33 ./system/src/newlib/_startup.o
 .ARM.attributes
                0x00000132       0x33 ./system/src/newlib/_syscalls.o
 .ARM.attributes
                0x00000165       0x33 ./system/src/newlib/assert.o
 .ARM.attributes
                0x00000198       0x33 ./system/src/diag/Trace.o
 .ARM.attributes
                0x000001cb       0x33 ./system/src/diag/trace_impl.o
 .ARM.attributes
                0x000001fe       0x33 ./system/src/cortexm/exception_handlers.o
 .ARM.attributes
                0x00000231       0x33 ./system/src/cmsis/system_stm32f4xx.o
 .ARM.attributes
                0x00000264       0x33 ./system/src/cmsis/vectors_stm32f4xx.o
 .ARM.attributes
                0x00000297       0x33 ./src/_initialize_hardware.o
 .ARM.attributes
                0x000002ca       0x33 ./src/main.o
 .ARM.attributes
                0x000002fd       0x2e c:/program files (x86)/gnu tools arm embedded/4.8 2014q3/bin/../lib/gcc/arm-none-eabi/4.8.4/../../../../arm-none-eabi/lib/armv7e-m\libg_s.a(lib_a-errno.o)
 .ARM.attributes
                0x0000032b       0x2e c:/program files (x86)/gnu tools arm embedded/4.8 2014q3/bin/../lib/gcc/arm-none-eabi/4.8.4/../../../../arm-none-eabi/lib/armv7e-m\libg_s.a(lib_a-impure.o)
 .ARM.attributes
                0x00000359       0x2e c:/program files (x86)/gnu tools arm embedded/4.8 2014q3/bin/../lib/gcc/arm-none-eabi/4.8.4/../../../../arm-none-eabi/lib/armv7e-m\libg_s.a(lib_a-strlen.o)
 .ARM.attributes
                0x00000387       0x2e c:/program files (x86)/gnu tools arm embedded/4.8 2014q3/bin/../lib/gcc/arm-none-eabi/4.8.4/../../../../arm-none-eabi/lib/armv7e-m\libg_s.a(lib_a-vsnprintf.o)
 .ARM.attributes
                0x000003b5       0x2e c:/program files (x86)/gnu tools arm embedded/4.8 2014q3/bin/../lib/gcc/arm-none-eabi/4.8.4/../../../../arm-none-eabi/lib/armv7e-m\libg_s.a(lib_a-svfprintf.o)
 .ARM.attributes
                0x000003e3       0x2e c:/program files (x86)/gnu tools arm embedded/4.8 2014q3/bin/../lib/gcc/arm-none-eabi/4.8.4/../../../../arm-none-eabi/lib/armv7e-m\libg_s.a(lib_a-vfprintf_i.o)
 .ARM.attributes
                0x00000411       0x2e c:/program files (x86)/gnu tools arm embedded/4.8 2014q3/bin/../lib/gcc/arm-none-eabi/4.8.4/../../../../arm-none-eabi/lib/armv7e-m\libg_s.a(lib_a-memchr-stub.o)
 .ARM.attributes
                0x0000043f       0x2e c:/program files (x86)/gnu tools arm embedded/4.8 2014q3/bin/../lib/gcc/arm-none-eabi/4.8.4/../../../../arm-none-eabi/lib/armv7e-m\libg_s.a(lib_a-memcpy-stub.o)
 .ARM.attributes
                0x0000046d       0x2e c:/program files (x86)/gnu tools arm embedded/4.8 2014q3/bin/../lib/gcc/arm-none-eabi/4.8.4/../../../../arm-none-eabi/lib/armv7e-m\libg_s.a(lib_a-memmove.o)
 .ARM.attributes
                0x0000049b       0x2e c:/program files (x86)/gnu tools arm embedded/4.8 2014q3/bin/../lib/gcc/arm-none-eabi/4.8.4/../../../../arm-none-eabi/lib/armv7e-m\libg_s.a(lib_a-nano-freer.o)
 .ARM.attributes
                0x000004c9       0x2e c:/program files (x86)/gnu tools arm embedded/4.8 2014q3/bin/../lib/gcc/arm-none-eabi/4.8.4/../../../../arm-none-eabi/lib/armv7e-m\libg_s.a(lib_a-nano-mallocr.o)
 .ARM.attributes
                0x000004f7       0x2e c:/program files (x86)/gnu tools arm embedded/4.8 2014q3/bin/../lib/gcc/arm-none-eabi/4.8.4/../../../../arm-none-eabi/lib/armv7e-m\libg_s.a(lib_a-nano-reallocr.o)
 .ARM.attributes
                0x00000525       0x2e c:/program files (x86)/gnu tools arm embedded/4.8 2014q3/bin/../lib/gcc/arm-none-eabi/4.8.4/../../../../arm-none-eabi/lib/armv7e-m\libg_s.a(lib_a-sbrkr.o)
 .ARM.attributes
                0x00000553       0x2e c:/program files (x86)/gnu tools arm embedded/4.8 2014q3/bin/../lib/gcc/arm-none-eabi/4.8.4/../../../../arm-none-eabi/lib/armv7e-m\libg_s.a(lib_a-nano-msizer.o)

.debug
 *(.debug)

.line
 *(.line)

.debug_srcinfo
 *(.debug_srcinfo)

.debug_sfnames
 *(.debug_sfnames)

.debug_aranges  0x00000000      0x4b0
 *(.debug_aranges)
 .debug_aranges
                0x00000000       0xd0 ./system/src/stm32f4-hal/stm32f4xx_hal.o
 .debug_aranges
                0x000000d0      0x100 ./system/src/stm32f4-hal/stm32f4xx_hal_cortex.o
 .debug_aranges
                0x000001d0       0x88 ./system/src/stm32f4-hal/stm32f4xx_hal_rcc.o
 .debug_aranges
                0x00000258       0x28 ./system/src/newlib/_exit.o
 .debug_aranges
                0x00000280       0x20 ./system/src/newlib/_sbrk.o
 .debug_aranges
                0x000002a0       0x40 ./system/src/newlib/_startup.o
 .debug_aranges
                0x000002e0       0x30 ./system/src/newlib/_syscalls.o
 .debug_aranges
                0x00000310       0x28 ./system/src/newlib/assert.o
 .debug_aranges
                0x00000338       0x38 ./system/src/diag/Trace.o
 .debug_aranges
                0x00000370       0x30 ./system/src/diag/trace_impl.o
 .debug_aranges
                0x000003a0       0x68 ./system/src/cortexm/exception_handlers.o
 .debug_aranges
                0x00000408       0x28 ./system/src/cmsis/system_stm32f4xx.o
 .debug_aranges
                0x00000430       0x20 ./system/src/cmsis/vectors_stm32f4xx.o
 .debug_aranges
                0x00000450       0x28 ./src/_initialize_hardware.o
 .debug_aranges
                0x00000478       0x38 ./src/main.o

.debug_pubnames
 *(.debug_pubnames)

.debug_info     0x00000000     0x4092
 *(.debug_info .gnu.linkonce.wi.*)
 .debug_info    0x00000000      0x826 ./system/src/stm32f4-hal/stm32f4xx_hal.o
 .debug_info    0x00000826      0xb88 ./system/src/stm32f4-hal/stm32f4xx_hal_cortex.o
 .debug_info    0x000013ae      0xe15 ./system/src/stm32f4-hal/stm32f4xx_hal_rcc.o
 .debug_info    0x000021c3       0xba ./system/src/newlib/_exit.o
 .debug_info    0x0000227d      0x109 ./system/src/newlib/_sbrk.o
 .debug_info    0x00002386      0x3cf ./system/src/newlib/_startup.o
 .debug_info    0x00002755      0x18b ./system/src/newlib/_syscalls.o
 .debug_info    0x000028e0      0x12c ./system/src/newlib/assert.o
 .debug_info    0x00002a0c      0x1cf ./system/src/diag/Trace.o
 .debug_info    0x00002bdb      0x32a ./system/src/diag/trace_impl.o
 .debug_info    0x00002f05       0xd4 ./system/src/cortexm/exception_handlers.o
 .debug_info    0x00002fd9      0x49b ./system/src/cmsis/system_stm32f4xx.o
 .debug_info    0x00003474       0x92 ./system/src/cmsis/vectors_stm32f4xx.o
 .debug_info    0x00003506      0x3fa ./src/_initialize_hardware.o
 .debug_info    0x00003900      0x792 ./src/main.o

.debug_abbrev   0x00000000     0x111b
 *(.debug_abbrev)
 .debug_abbrev  0x00000000      0x18f ./system/src/stm32f4-hal/stm32f4xx_hal.o
 .debug_abbrev  0x0000018f      0x282 ./system/src/stm32f4-hal/stm32f4xx_hal_cortex.o
 .debug_abbrev  0x00000411      0x28c ./system/src/stm32f4-hal/stm32f4xx_hal_rcc.o
 .debug_abbrev  0x0000069d       0x6e ./system/src/newlib/_exit.o
 .debug_abbrev  0x0000070b       0x8e ./system/src/newlib/_sbrk.o
 .debug_abbrev  0x00000799      0x132 ./system/src/newlib/_startup.o
 .debug_abbrev  0x000008cb       0xc9 ./system/src/newlib/_syscalls.o
 .debug_abbrev  0x00000994       0x73 ./system/src/newlib/assert.o
 .debug_abbrev  0x00000a07       0xf0 ./system/src/diag/Trace.o
 .debug_abbrev  0x00000af7      0x1bb ./system/src/diag/trace_impl.o
 .debug_abbrev  0x00000cb2       0x47 ./system/src/cortexm/exception_handlers.o
 .debug_abbrev  0x00000cf9      0x104 ./system/src/cmsis/system_stm32f4xx.o
 .debug_abbrev  0x00000dfd       0x92 ./system/src/cmsis/vectors_stm32f4xx.o
 .debug_abbrev  0x00000e8f      0x108 ./src/_initialize_hardware.o
 .debug_abbrev  0x00000f97      0x184 ./src/main.o

.debug_line     0x00000000     0x51a2
 *(.debug_line)
 .debug_line    0x00000000      0x888 ./system/src/stm32f4-hal/stm32f4xx_hal.o
 .debug_line    0x00000888      0x9c5 ./system/src/stm32f4-hal/stm32f4xx_hal_cortex.o
 .debug_line    0x0000124d      0xb93 ./system/src/stm32f4-hal/stm32f4xx_hal_rcc.o
 .debug_line    0x00001de0      0x2b6 ./system/src/newlib/_exit.o
 .debug_line    0x00002096      0x264 ./system/src/newlib/_sbrk.o
 .debug_line    0x000022fa      0x330 ./system/src/newlib/_startup.o
 .debug_line    0x0000262a      0x36b ./system/src/newlib/_syscalls.o
 .debug_line    0x00002995      0x300 ./system/src/newlib/assert.o
 .debug_line    0x00002c95      0x37e ./system/src/diag/Trace.o
 .debug_line    0x00003013      0x929 ./system/src/diag/trace_impl.o
 .debug_line    0x0000393c       0xc4 ./system/src/cortexm/exception_handlers.o
 .debug_line    0x00003a00      0x70c ./system/src/cmsis/system_stm32f4xx.o
 .debug_line    0x0000410c       0x8e ./system/src/cmsis/vectors_stm32f4xx.o
 .debug_line    0x0000419a      0x6fc ./src/_initialize_hardware.o
 .debug_line    0x00004896      0x90c ./src/main.o

.debug_frame    0x00000000      0xf34
 *(.debug_frame)
 .debug_frame   0x00000000      0x250 ./system/src/stm32f4-hal/stm32f4xx_hal.o
 .debug_frame   0x00000250      0x360 ./system/src/stm32f4-hal/stm32f4xx_hal_cortex.o
 .debug_frame   0x000005b0      0x1a0 ./system/src/stm32f4-hal/stm32f4xx_hal_rcc.o
 .debug_frame   0x00000750       0x48 ./system/src/newlib/_exit.o
 .debug_frame   0x00000798       0x30 ./system/src/newlib/_sbrk.o
 .debug_frame   0x000007c8       0xa8 ./system/src/newlib/_startup.o
 .debug_frame   0x00000870       0x6c ./system/src/newlib/_syscalls.o
 .debug_frame   0x000008dc       0x50 ./system/src/newlib/assert.o
 .debug_frame   0x0000092c       0x98 ./system/src/diag/Trace.o
 .debug_frame   0x000009c4       0x6c ./system/src/diag/trace_impl.o
 .debug_frame   0x00000a30      0x104 ./system/src/cortexm/exception_handlers.o
 .debug_frame   0x00000b34       0x44 ./system/src/cmsis/system_stm32f4xx.o
 .debug_frame   0x00000b78       0x28 ./system/src/cmsis/vectors_stm32f4xx.o
 .debug_frame   0x00000ba0       0x4c ./src/_initialize_hardware.o
 .debug_frame   0x00000bec       0x84 ./src/main.o
 .debug_frame   0x00000c70       0x20 c:/program files (x86)/gnu tools arm embedded/4.8 2014q3/bin/../lib/gcc/arm-none-eabi/4.8.4/../../../../arm-none-eabi/lib/armv7e-m\libg_s.a(lib_a-errno.o)
 .debug_frame   0x00000c90       0x20 c:/program files (x86)/gnu tools arm embedded/4.8 2014q3/bin/../lib/gcc/arm-none-eabi/4.8.4/../../../../arm-none-eabi/lib/armv7e-m\libg_s.a(lib_a-strlen.o)
 .debug_frame   0x00000cb0       0x4c c:/program files (x86)/gnu tools arm embedded/4.8 2014q3/bin/../lib/gcc/arm-none-eabi/4.8.4/../../../../arm-none-eabi/lib/armv7e-m\libg_s.a(lib_a-vsnprintf.o)
 .debug_frame   0x00000cfc       0x88 c:/program files (x86)/gnu tools arm embedded/4.8 2014q3/bin/../lib/gcc/arm-none-eabi/4.8.4/../../../../arm-none-eabi/lib/armv7e-m\libg_s.a(lib_a-svfprintf.o)
 .debug_frame   0x00000d84       0x60 c:/program files (x86)/gnu tools arm embedded/4.8 2014q3/bin/../lib/gcc/arm-none-eabi/4.8.4/../../../../arm-none-eabi/lib/armv7e-m\libg_s.a(lib_a-vfprintf_i.o)
 .debug_frame   0x00000de4       0x28 c:/program files (x86)/gnu tools arm embedded/4.8 2014q3/bin/../lib/gcc/arm-none-eabi/4.8.4/../../../../arm-none-eabi/lib/armv7e-m\libg_s.a(lib_a-memchr-stub.o)
 .debug_frame   0x00000e0c       0x28 c:/program files (x86)/gnu tools arm embedded/4.8 2014q3/bin/../lib/gcc/arm-none-eabi/4.8.4/../../../../arm-none-eabi/lib/armv7e-m\libg_s.a(lib_a-memcpy-stub.o)
 .debug_frame   0x00000e34       0x2c c:/program files (x86)/gnu tools arm embedded/4.8 2014q3/bin/../lib/gcc/arm-none-eabi/4.8.4/../../../../arm-none-eabi/lib/armv7e-m\libg_s.a(lib_a-memmove.o)
 .debug_frame   0x00000e60       0x2c c:/program files (x86)/gnu tools arm embedded/4.8 2014q3/bin/../lib/gcc/arm-none-eabi/4.8.4/../../../../arm-none-eabi/lib/armv7e-m\libg_s.a(lib_a-nano-freer.o)
 .debug_frame   0x00000e8c       0x2c c:/program files (x86)/gnu tools arm embedded/4.8 2014q3/bin/../lib/gcc/arm-none-eabi/4.8.4/../../../../arm-none-eabi/lib/armv7e-m\libg_s.a(lib_a-nano-mallocr.o)
 .debug_frame   0x00000eb8       0x30 c:/program files (x86)/gnu tools arm embedded/4.8 2014q3/bin/../lib/gcc/arm-none-eabi/4.8.4/../../../../arm-none-eabi/lib/armv7e-m\libg_s.a(lib_a-nano-reallocr.o)
 .debug_frame   0x00000ee8       0x2c c:/program files (x86)/gnu tools arm embedded/4.8 2014q3/bin/../lib/gcc/arm-none-eabi/4.8.4/../../../../arm-none-eabi/lib/armv7e-m\libg_s.a(lib_a-sbrkr.o)
 .debug_frame   0x00000f14       0x20 c:/program files (x86)/gnu tools arm embedded/4.8 2014q3/bin/../lib/gcc/arm-none-eabi/4.8.4/../../../../arm-none-eabi/lib/armv7e-m\libg_s.a(lib_a-nano-msizer.o)

.debug_str      0x00000000    0x90908
 *(.debug_str)
 .debug_str     0x00000000    0x8a6bf ./system/src/stm32f4-hal/stm32f4xx_hal.o
                              0x8a8bf (size before relaxing)
 .debug_str     0x0008a6bf      0x2e4 ./system/src/stm32f4-hal/stm32f4xx_hal_cortex.o
                              0x8a692 (size before relaxing)
 .debug_str     0x0008a9a3      0x4b3 ./system/src/stm32f4-hal/stm32f4xx_hal_rcc.o
                              0x8a360 (size before relaxing)
 .debug_str     0x0008ae56     0x297e ./system/src/newlib/_exit.o
                               0x4f10 (size before relaxing)
 .debug_str     0x0008d7d4      0x4d6 ./system/src/newlib/_sbrk.o
                               0x44c9 (size before relaxing)
 .debug_str     0x0008dcaa      0x21f ./system/src/newlib/_startup.o
                               0x405a (size before relaxing)
 .debug_str     0x0008dec9      0xc45 ./system/src/newlib/_syscalls.o
                               0x5138 (size before relaxing)
 .debug_str     0x0008eb0e       0xd6 ./system/src/newlib/assert.o
                               0x5a0d (size before relaxing)
 .debug_str     0x0008ebe4     0x174f ./system/src/diag/Trace.o
                               0x65d4 (size before relaxing)
 .debug_str     0x00090333      0x392 ./system/src/diag/trace_impl.o
                              0x8bd98 (size before relaxing)
 .debug_str     0x000906c5       0xe8 ./system/src/cortexm/exception_handlers.o
                               0x2556 (size before relaxing)
 .debug_str     0x000907ad       0x67 ./system/src/cmsis/system_stm32f4xx.o
                              0x89f04 (size before relaxing)
 .debug_str     0x00090814       0x57 ./system/src/cmsis/vectors_stm32f4xx.o
                               0x24fa (size before relaxing)
 .debug_str     0x0009086b       0x4b ./src/_initialize_hardware.o
                              0x89f7f (size before relaxing)
 .debug_str     0x000908b6       0x52 ./src/main.o
                              0x8d495 (size before relaxing)

.debug_loc
 *(.debug_loc)

.debug_macinfo
 *(.debug_macinfo)

.debug_weaknames
 *(.debug_weaknames)

.debug_funcnames
 *(.debug_funcnames)

.debug_typenames
 *(.debug_typenames)

.debug_varnames
 *(.debug_varnames)
OUTPUT(429DiscoTest.elf elf32-littlearm)

.debug_ranges   0x00000000      0x3c0
 .debug_ranges  0x00000000       0xc0 ./system/src/stm32f4-hal/stm32f4xx_hal.o
 .debug_ranges  0x000000c0       0xf0 ./system/src/stm32f4-hal/stm32f4xx_hal_cortex.o
 .debug_ranges  0x000001b0       0x78 ./system/src/stm32f4-hal/stm32f4xx_hal_rcc.o
 .debug_ranges  0x00000228       0x18 ./system/src/newlib/_exit.o
 .debug_ranges  0x00000240       0x10 ./system/src/newlib/_sbrk.o
 .debug_ranges  0x00000250       0x30 ./system/src/newlib/_startup.o
 .debug_ranges  0x00000280       0x20 ./system/src/newlib/_syscalls.o
 .debug_ranges  0x000002a0       0x18 ./system/src/newlib/assert.o
 .debug_ranges  0x000002b8       0x28 ./system/src/diag/Trace.o
 .debug_ranges  0x000002e0       0x20 ./system/src/diag/trace_impl.o
 .debug_ranges  0x00000300       0x58 ./system/src/cortexm/exception_handlers.o
 .debug_ranges  0x00000358       0x18 ./system/src/cmsis/system_stm32f4xx.o
 .debug_ranges  0x00000370       0x10 ./system/src/cmsis/vectors_stm32f4xx.o
 .debug_ranges  0x00000380       0x18 ./src/_initialize_hardware.o
 .debug_ranges  0x00000398       0x28 ./src/main.o

.debug_macro    0x00000000    0x15e29
 .debug_macro   0x00000000      0x32f ./system/src/stm32f4-hal/stm32f4xx_hal.o
 .debug_macro   0x0000032f      0x87a ./system/src/stm32f4-hal/stm32f4xx_hal.o
 .debug_macro   0x00000ba9      0x250 ./system/src/stm32f4-hal/stm32f4xx_hal.o
 .debug_macro   0x00000df9       0x28 ./system/src/stm32f4-hal/stm32f4xx_hal.o
 .debug_macro   0x00000e21       0x28 ./system/src/stm32f4-hal/stm32f4xx_hal.o
 .debug_macro   0x00000e49       0x3b ./system/src/stm32f4-hal/stm32f4xx_hal.o
 .debug_macro   0x00000e84      0x34e ./system/src/stm32f4-hal/stm32f4xx_hal.o
 .debug_macro   0x000011d2       0x2d ./system/src/stm32f4-hal/stm32f4xx_hal.o
 .debug_macro   0x000011ff       0x26 ./system/src/stm32f4-hal/stm32f4xx_hal.o
 .debug_macro   0x00001225      0xd39 ./system/src/stm32f4-hal/stm32f4xx_hal.o
 .debug_macro   0x00001f5e     0x9f0c ./system/src/stm32f4-hal/stm32f4xx_hal.o
 .debug_macro   0x0000be6a       0x43 ./system/src/stm32f4-hal/stm32f4xx_hal.o
 .debug_macro   0x0000bead       0x57 ./system/src/stm32f4-hal/stm32f4xx_hal.o
 .debug_macro   0x0000bf04      0xb9c ./system/src/stm32f4-hal/stm32f4xx_hal.o
 .debug_macro   0x0000caa0      0x6bd ./system/src/stm32f4-hal/stm32f4xx_hal.o
 .debug_macro   0x0000d15d      0x13f ./system/src/stm32f4-hal/stm32f4xx_hal.o
 .debug_macro   0x0000d29c      0x155 ./system/src/stm32f4-hal/stm32f4xx_hal.o
 .debug_macro   0x0000d3f1      0x2cd ./system/src/stm32f4-hal/stm32f4xx_hal.o
 .debug_macro   0x0000d6be       0x52 ./system/src/stm32f4-hal/stm32f4xx_hal.o
 .debug_macro   0x0000d710      0x3ec ./system/src/stm32f4-hal/stm32f4xx_hal.o
 .debug_macro   0x0000dafc      0x14c ./system/src/stm32f4-hal/stm32f4xx_hal.o
 .debug_macro   0x0000dc48      0x3c2 ./system/src/stm32f4-hal/stm32f4xx_hal.o
 .debug_macro   0x0000e00a       0x22 ./system/src/stm32f4-hal/stm32f4xx_hal.o
 .debug_macro   0x0000e02c      0x1f3 ./system/src/stm32f4-hal/stm32f4xx_hal.o
 .debug_macro   0x0000e21f      0x11f ./system/src/stm32f4-hal/stm32f4xx_hal.o
 .debug_macro   0x0000e33e       0xcd ./system/src/stm32f4-hal/stm32f4xx_hal.o
 .debug_macro   0x0000e40b      0x1d1 ./system/src/stm32f4-hal/stm32f4xx_hal.o
 .debug_macro   0x0000e5dc      0xde0 ./system/src/stm32f4-hal/stm32f4xx_hal.o
 .debug_macro   0x0000f3bc      0x132 ./system/src/stm32f4-hal/stm32f4xx_hal.o
 .debug_macro   0x0000f4ee      0x416 ./system/src/stm32f4-hal/stm32f4xx_hal.o
 .debug_macro   0x0000f904      0x55c ./system/src/stm32f4-hal/stm32f4xx_hal.o
 .debug_macro   0x0000fe60       0x88 ./system/src/stm32f4-hal/stm32f4xx_hal.o
 .debug_macro   0x0000fee8       0xd5 ./system/src/stm32f4-hal/stm32f4xx_hal.o
 .debug_macro   0x0000ffbd       0xa1 ./system/src/stm32f4-hal/stm32f4xx_hal.o
 .debug_macro   0x0001005e       0x10 ./system/src/stm32f4-hal/stm32f4xx_hal.o
 .debug_macro   0x0001006e      0x1e6 ./system/src/stm32f4-hal/stm32f4xx_hal.o
 .debug_macro   0x00010254       0x22 ./system/src/stm32f4-hal/stm32f4xx_hal.o
 .debug_macro   0x00010276      0x1ae ./system/src/stm32f4-hal/stm32f4xx_hal.o
 .debug_macro   0x00010424       0xa4 ./system/src/stm32f4-hal/stm32f4xx_hal.o
 .debug_macro   0x000104c8      0x24e ./system/src/stm32f4-hal/stm32f4xx_hal.o
 .debug_macro   0x00010716      0x16e ./system/src/stm32f4-hal/stm32f4xx_hal.o
 .debug_macro   0x00010884       0xaa ./system/src/stm32f4-hal/stm32f4xx_hal.o
 .debug_macro   0x0001092e       0x6c ./system/src/stm32f4-hal/stm32f4xx_hal.o
 .debug_macro   0x0001099a      0x3d7 ./system/src/stm32f4-hal/stm32f4xx_hal.o
 .debug_macro   0x00010d71      0x313 ./system/src/stm32f4-hal/stm32f4xx_hal.o
 .debug_macro   0x00011084      0x3d7 ./system/src/stm32f4-hal/stm32f4xx_hal.o
 .debug_macro   0x0001145b      0x4b7 ./system/src/stm32f4-hal/stm32f4xx_hal.o
 .debug_macro   0x00011912      0x22b ./system/src/stm32f4-hal/stm32f4xx_hal.o
 .debug_macro   0x00011b3d      0x1d1 ./system/src/stm32f4-hal/stm32f4xx_hal.o
 .debug_macro   0x00011d0e      0x84c ./system/src/stm32f4-hal/stm32f4xx_hal.o
 .debug_macro   0x0001255a       0x4d ./system/src/stm32f4-hal/stm32f4xx_hal.o
 .debug_macro   0x000125a7      0x23a ./system/src/stm32f4-hal/stm32f4xx_hal.o
 .debug_macro   0x000127e1      0x1d8 ./system/src/stm32f4-hal/stm32f4xx_hal.o
 .debug_macro   0x000129b9      0x168 ./system/src/stm32f4-hal/stm32f4xx_hal.o
 .debug_macro   0x00012b21      0x1d8 ./system/src/stm32f4-hal/stm32f4xx_hal.o
 .debug_macro   0x00012cf9       0x85 ./system/src/stm32f4-hal/stm32f4xx_hal.o
 .debug_macro   0x00012d7e      0x1df ./system/src/stm32f4-hal/stm32f4xx_hal.o
 .debug_macro   0x00012f5d      0x108 ./system/src/stm32f4-hal/stm32f4xx_hal.o
 .debug_macro   0x00013065       0x12 ./system/src/stm32f4-hal/stm32f4xx_hal.o
 .debug_macro   0x00013077       0x74 ./system/src/stm32f4-hal/stm32f4xx_hal.o
 .debug_macro   0x000130eb      0x12d ./system/src/stm32f4-hal/stm32f4xx_hal.o
 .debug_macro   0x00013218      0x2e1 ./system/src/stm32f4-hal/stm32f4xx_hal_cortex.o
 .debug_macro   0x000134f9      0x323 ./system/src/stm32f4-hal/stm32f4xx_hal_rcc.o
 .debug_macro   0x0001381c      0x11b ./system/src/newlib/_exit.o
 .debug_macro   0x00013937       0xa3 ./system/src/newlib/_exit.o
 .debug_macro   0x000139da      0x10e ./system/src/newlib/_exit.o
 .debug_macro   0x00013ae8       0x86 ./system/src/newlib/_exit.o
 .debug_macro   0x00013b6e       0x43 ./system/src/newlib/_exit.o
 .debug_macro   0x00013bb1       0x10 ./system/src/newlib/_exit.o
 .debug_macro   0x00013bc1       0x35 ./system/src/newlib/_exit.o
 .debug_macro   0x00013bf6       0xd1 ./system/src/newlib/_sbrk.o
 .debug_macro   0x00013cc7       0x19 ./system/src/newlib/_sbrk.o
 .debug_macro   0x00013ce0      0x16d ./system/src/newlib/_sbrk.o
 .debug_macro   0x00013e4d       0x10 ./system/src/newlib/_sbrk.o
 .debug_macro   0x00013e5d      0x23b ./system/src/newlib/_sbrk.o
 .debug_macro   0x00014098       0xdb ./system/src/newlib/_startup.o
 .debug_macro   0x00014173      0x169 ./system/src/newlib/_syscalls.o
 .debug_macro   0x000142dc       0x1c ./system/src/newlib/_syscalls.o
 .debug_macro   0x000142f8       0x10 ./system/src/newlib/_syscalls.o
 .debug_macro   0x00014308       0x10 ./system/src/newlib/_syscalls.o
 .debug_macro   0x00014318       0x10 ./system/src/newlib/_syscalls.o
 .debug_macro   0x00014328       0x35 ./system/src/newlib/_syscalls.o
 .debug_macro   0x0001435d      0x120 ./system/src/newlib/_syscalls.o
 .debug_macro   0x0001447d       0x22 ./system/src/newlib/_syscalls.o
 .debug_macro   0x0001449f       0x2b ./system/src/newlib/_syscalls.o
 .debug_macro   0x000144ca      0x118 ./system/src/newlib/_syscalls.o
 .debug_macro   0x000145e2      0x13a ./system/src/newlib/_syscalls.o
 .debug_macro   0x0001471c       0x16 ./system/src/newlib/_syscalls.o
 .debug_macro   0x00014732      0x137 ./system/src/newlib/assert.o
 .debug_macro   0x00014869       0x1c ./system/src/newlib/assert.o
 .debug_macro   0x00014885      0x15a ./system/src/diag/Trace.o
 .debug_macro   0x000149df       0x16 ./system/src/diag/Trace.o
 .debug_macro   0x000149f5       0x97 ./system/src/diag/Trace.o
 .debug_macro   0x00014a8c       0x10 ./system/src/diag/Trace.o
 .debug_macro   0x00014a9c       0xf6 ./system/src/diag/Trace.o
 .debug_macro   0x00014b92       0x16 ./system/src/diag/Trace.o
 .debug_macro   0x00014ba8      0x16c ./system/src/diag/Trace.o
 .debug_macro   0x00014d14       0x52 ./system/src/diag/Trace.o
 .debug_macro   0x00014d66      0x283 ./system/src/diag/Trace.o
 .debug_macro   0x00014fe9       0x10 ./system/src/diag/Trace.o
 .debug_macro   0x00014ff9       0x1f ./system/src/diag/Trace.o
 .debug_macro   0x00015018      0x3ba ./system/src/diag/trace_impl.o
 .debug_macro   0x000153d2       0x22 ./system/src/diag/trace_impl.o
 .debug_macro   0x000153f4       0x1b ./system/src/cortexm/exception_handlers.o
 .debug_macro   0x0001540f      0x2e7 ./system/src/cmsis/system_stm32f4xx.o
 .debug_macro   0x000156f6       0x1b ./system/src/cmsis/vectors_stm32f4xx.o
 .debug_macro   0x00015711      0x2e1 ./src/_initialize_hardware.o
 .debug_macro   0x000159f2      0x3e6 ./src/main.o
 .debug_macro   0x00015dd8       0x51 ./src/main.o
